19:50:05 **** Incremental Build of configuration Debug for project 3.CLCD ****
make -j8 all 
arm-none-eabi-gcc "../Core/Src/main.c" -mcpu=cortex-m4 -std=gnu11 -g3 -DDEBUG -DUSE_HAL_DRIVER -DSTM32F407xx -c -I../Core/Inc -I../Drivers/STM32F4xx_HAL_Driver/Inc -I../Drivers/STM32F4xx_HAL_Driver/Inc/Legacy -I../Drivers/CMSIS/Device/ST/STM32F4xx/Include -I../Drivers/CMSIS/Include -O0 -ffunction-sections -fdata-sections -Wall -fstack-usage -fcyclomatic-complexity -MMD -MP -MF"Core/Src/main.d" -MT"Core/Src/main.o" --specs=nano.specs -mfpu=fpv4-sp-d16 -mfloat-abi=hard -mthumb -o "Core/Src/main.o"
../Core/Src/main.c: In function 'main':
../Core/Src/main.c:109:19: warning: pointer targets in passing argument 3 of 'CLCD_Puts' differ in signedness [-Wpointer-sign]
  109 |   CLCD_Puts(0, 0, "hello world");
      |                   ^~~~~~~~~~~~~
      |                   |
      |                   char *
In file included from ../Core/Src/main.c:26:
../Core/Inc/CLCD.h:57:65: note: expected 'unsigned char *' but argument is of type 'char *'
   57 | void CLCD_Puts(unsigned char x, unsigned char y, unsigned char *str);
      |                                                  ~~~~~~~~~~~~~~~^~~
../Core/Src/main.c:120:19: warning: pointer targets in passing argument 1 of 'sprintf' differ in signedness [-Wpointer-sign]
  120 |           sprintf(str,"%d",a++);
      |                   ^~~
      |                   |
      |                   uint8_t * {aka unsigned char *}
In file included from ../Core/Src/main.c:27:
C:\ST\STM32CubeIDE_1.14.1\STM32CubeIDE\plugins\com.st.stm32cube.ide.mcu.externaltools.gnu-tools-for-stm32.11.3.rel1.win32_1.1.100.202309141235\tools\bin/../lib/gcc/arm-none-eabi/11.3.1/../../../../arm-none-eabi/include/stdio.h:254:18: note: expected 'char * restrict' but argument is of type 'uint8_t *' {aka 'unsigned char *'}
  254 | int     sprintf (char *__restrict, const char *__restrict, ...)
      |                  ^
arm-none-eabi-gcc -o "3.CLCD.elf" @"objects.list"   -mcpu=cortex-m4 -T"C:\STM32F4\3.CLCD\3.CLCD\STM32F407VETX_FLASH.ld" --specs=nosys.specs -Wl,-Map="3.CLCD.map" -Wl,--gc-sections -static -u_printf_float --specs=nano.specs -mfpu=fpv4-sp-d16 -mfloat-abi=hard -mthumb -Wl,--start-group -lc -lm -Wl,--end-group
Finished building target: 3.CLCD.elf
 
arm-none-eabi-size  3.CLCD.elf 
arm-none-eabi-objdump -h -S 3.CLCD.elf  > "3.CLCD.list"
   text	   data	    bss	    dec	    hex	filename
  27916	    476	   1980	  30372	   76a4	3.CLCD.elf
Finished building: default.size.stdout
 
Finished building: 3.CLCD.list
 

19:50:06 Build Finished. 0 errors, 2 warnings. (took 1s.348ms)

