09:46:10 **** Clean-only build of configuration Debug for project 5.EXIT ****
make -j8 clean 
rm -rf ./Drivers/STM32F4xx_HAL_Driver/Src/stm32f4xx_hal.cyclo ./Drivers/STM32F4xx_HAL_Driver/Src/stm32f4xx_hal.d ./Drivers/STM32F4xx_HAL_Driver/Src/stm32f4xx_hal.o ./Drivers/STM32F4xx_HAL_Driver/Src/stm32f4xx_hal.su ./Drivers/STM32F4xx_HAL_Driver/Src/stm32f4xx_hal_cortex.cyclo ./Drivers/STM32F4xx_HAL_Driver/Src/stm32f4xx_hal_cortex.d ./Drivers/STM32F4xx_HAL_Driver/Src/stm32f4xx_hal_cortex.o ./Drivers/STM32F4xx_HAL_Driver/Src/stm32f4xx_hal_cortex.su ./Drivers/STM32F4xx_HAL_Driver/Src/stm32f4xx_hal_dma.cyclo ./Drivers/STM32F4xx_HAL_Driver/Src/stm32f4xx_hal_dma.d ./Drivers/STM32F4xx_HAL_Driver/Src/stm32f4xx_hal_dma.o ./Drivers/STM32F4xx_HAL_Driver/Src/stm32f4xx_hal_dma.su ./Drivers/STM32F4xx_HAL_Driver/Src/stm32f4xx_hal_dma_ex.cyclo ./Drivers/STM32F4xx_HAL_Driver/Src/stm32f4xx_hal_dma_ex.d ./Drivers/STM32F4xx_HAL_Driver/Src/stm32f4xx_hal_dma_ex.o ./Drivers/STM32F4xx_HAL_Driver/Src/stm32f4xx_hal_dma_ex.su ./Drivers/STM32F4xx_HAL_Driver/Src/stm32f4xx_hal_exti.cyclo ./Drivers/STM32F4xx_HAL_Driver/Src/stm32f4xx_hal_exti.d ./Drivers/STM32F4xx_HAL_Driver/Src/stm32f4xx_hal_exti.o ./Drivers/STM32F4xx_HAL_Driver/Src/stm32f4xx_hal_exti.su ./Drivers/STM32F4xx_HAL_Driver/Src/stm32f4xx_hal_flash.cyclo ./Drivers/STM32F4xx_HAL_Driver/Src/stm32f4xx_hal_flash.d ./Drivers/STM32F4xx_HAL_Driver/Src/stm32f4xx_hal_flash.o ./Drivers/STM32F4xx_HAL_Driver/Src/stm32f4xx_hal_flash.su ./Drivers/STM32F4xx_HAL_Driver/Src/stm32f4xx_hal_flash_ex.cyclo ./Drivers/STM32F4xx_HAL_Driver/Src/stm32f4xx_hal_flash_ex.d ./Drivers/STM32F4xx_HAL_Driver/Src/stm32f4xx_hal_flash_ex.o ./Drivers/STM32F4xx_HAL_Driver/Src/stm32f4xx_hal_flash_ex.su ./Drivers/STM32F4xx_HAL_Driver/Src/stm32f4xx_hal_flash_ramfunc.cyclo ./Drivers/STM32F4xx_HAL_Driver/Src/stm32f4xx_hal_flash_ramfunc.d ./Drivers/STM32F4xx_HAL_Driver/Src/stm32f4xx_hal_flash_ramfunc.o ./Drivers/STM32F4xx_HAL_Driver/Src/stm32f4xx_hal_flash_ramfunc.su ./Drivers/STM32F4xx_HAL_Driver/Src/stm32f4xx_hal_gpio.cyclo ./Drivers/STM32F4xx_HAL_Driver/Src/stm32f4xx_hal_gpio.d ./Drivers/STM32F4xx_HAL_Driver/Src/stm32f4xx_hal_gpio.o ./Drivers/STM32F4xx_HAL_Driver/Src/stm32f4xx_hal_gpio.su ./Drivers/STM32F4xx_HAL_Driver/Src/stm32f4xx_hal_pwr.cyclo ./Drivers/STM32F4xx_HAL_Driver/Src/stm32f4xx_hal_pwr.d ./Drivers/STM32F4xx_HAL_Driver/Src/stm32f4xx_hal_pwr.o ./Drivers/STM32F4xx_HAL_Driver/Src/stm32f4xx_hal_pwr.su ./Drivers/STM32F4xx_HAL_Driver/Src/stm32f4xx_hal_pwr_ex.cyclo ./Drivers/STM32F4xx_HAL_Driver/Src/stm32f4xx_hal_pwr_ex.d ./Drivers/STM32F4xx_HAL_Driver/Src/stm32f4xx_hal_pwr_ex.o ./Drivers/STM32F4xx_HAL_Driver/Src/stm32f4xx_hal_pwr_ex.su ./Drivers/STM32F4xx_HAL_Driver/Src/stm32f4xx_hal_rcc.cyclo ./Drivers/STM32F4xx_HAL_Driver/Src/stm32f4xx_hal_rcc.d ./Drivers/STM32F4xx_HAL_Driver/Src/stm32f4xx_hal_rcc.o ./Drivers/STM32F4xx_HAL_Driver/Src/stm32f4xx_hal_rcc.su ./Drivers/STM32F4xx_HAL_Driver/Src/stm32f4xx_hal_rcc_ex.cyclo ./Drivers/STM32F4xx_HAL_Driver/Src/stm32f4xx_hal_rcc_ex.d ./Drivers/STM32F4xx_HAL_Driver/Src/stm32f4xx_hal_rcc_ex.o ./Drivers/STM32F4xx_HAL_Driver/Src/stm32f4xx_hal_rcc_ex.su ./Drivers/STM32F4xx_HAL_Driver/Src/stm32f4xx_hal_tim.cyclo ./Drivers/STM32F4xx_HAL_Driver/Src/stm32f4xx_hal_tim.d ./Drivers/STM32F4xx_HAL_Driver/Src/stm32f4xx_hal_tim.o ./Drivers/STM32F4xx_HAL_Driver/Src/stm32f4xx_hal_tim.su ./Drivers/STM32F4xx_HAL_Driver/Src/stm32f4xx_hal_tim_ex.cyclo ./Drivers/STM32F4xx_HAL_Driver/Src/stm32f4xx_hal_tim_ex.d ./Drivers/STM32F4xx_HAL_Driver/Src/stm32f4xx_hal_tim_ex.o ./Drivers/STM32F4xx_HAL_Driver/Src/stm32f4xx_hal_tim_ex.su ./Drivers/STM32F4xx_HAL_Driver/Src/stm32f4xx_hal_uart.cyclo ./Drivers/STM32F4xx_HAL_Driver/Src/stm32f4xx_hal_uart.d ./Drivers/STM32F4xx_HAL_Driver/Src/stm32f4xx_hal_uart.o ./Drivers/STM32F4xx_HAL_Driver/Src/stm32f4xx_hal_uart.su
rm -rf ./Core/Startup/startup_stm32f407vetx.d ./Core/Startup/startup_stm32f407vetx.o
rm -rf ./Core/Src/7SEG.cyclo ./Core/Src/7SEG.d ./Core/Src/7SEG.o ./Core/Src/7SEG.su ./Core/Src/CLCD.cyclo ./Core/Src/CLCD.d ./Core/Src/CLCD.o ./Core/Src/CLCD.su ./Core/Src/gpio.cyclo ./Core/Src/gpio.d ./Core/Src/gpio.o ./Core/Src/gpio.su ./Core/Src/main.cyclo ./Core/Src/main.d ./Core/Src/main.o ./Core/Src/main.su ./Core/Src/stm32f4xx_hal_msp.cyclo ./Core/Src/stm32f4xx_hal_msp.d ./Core/Src/stm32f4xx_hal_msp.o ./Core/Src/stm32f4xx_hal_msp.su ./Core/Src/stm32f4xx_it.cyclo ./Core/Src/stm32f4xx_it.d ./Core/Src/stm32f4xx_it.o ./Core/Src/stm32f4xx_it.su ./Core/Src/syscalls.cyclo ./Core/Src/syscalls.d ./Core/Src/syscalls.o ./Core/Src/syscalls.su ./Core/Src/sysmem.cyclo ./Core/Src/sysmem.d ./Core/Src/sysmem.o ./Core/Src/sysmem.su ./Core/Src/system_stm32f4xx.cyclo ./Core/Src/system_stm32f4xx.d ./Core/Src/system_stm32f4xx.o ./Core/Src/system_stm32f4xx.su ./Core/Src/tim.cyclo ./Core/Src/tim.d ./Core/Src/tim.o ./Core/Src/tim.su ./Core/Src/usart.cyclo ./Core/Src/usart.d ./Core/Src/usart.o ./Core/Src/usart.su
rm -rf 5.EXIT.elf 5.EXIT.list 5.EXIT.map default.size.stdout
 
10:00:28 **** Build of configuration Debug for project 6.PWM ****
make -j8 all 
arm-none-eabi-gcc "../Core/Src/gpio.c" -mcpu=cortex-m4 -std=gnu11 -g3 -DDEBUG -DUSE_HAL_DRIVER -DSTM32F407xx -c -I../Core/Inc -I../Drivers/STM32F4xx_HAL_Driver/Inc -I../Drivers/STM32F4xx_HAL_Driver/Inc/Legacy -I../Drivers/CMSIS/Device/ST/STM32F4xx/Include -I../Drivers/CMSIS/Include -O0 -ffunction-sections -fdata-sections -Wall -fstack-usage -fcyclomatic-complexity -MMD -MP -MF"Core/Src/gpio.d" -MT"Core/Src/gpio.o" --specs=nano.specs -mfpu=fpv4-sp-d16 -mfloat-abi=hard -mthumb -o "Core/Src/gpio.o"
arm-none-eabi-gcc "../Core/Src/main.c" -mcpu=cortex-m4 -std=gnu11 -g3 -DDEBUG -DUSE_HAL_DRIVER -DSTM32F407xx -c -I../Core/Inc -I../Drivers/STM32F4xx_HAL_Driver/Inc -I../Drivers/STM32F4xx_HAL_Driver/Inc/Legacy -I../Drivers/CMSIS/Device/ST/STM32F4xx/Include -I../Drivers/CMSIS/Include -O0 -ffunction-sections -fdata-sections -Wall -fstack-usage -fcyclomatic-complexity -MMD -MP -MF"Core/Src/main.d" -MT"Core/Src/main.o" --specs=nano.specs -mfpu=fpv4-sp-d16 -mfloat-abi=hard -mthumb -o "Core/Src/main.o"
arm-none-eabi-gcc "../Core/Src/tim.c" -mcpu=cortex-m4 -std=gnu11 -g3 -DDEBUG -DUSE_HAL_DRIVER -DSTM32F407xx -c -I../Core/Inc -I../Drivers/STM32F4xx_HAL_Driver/Inc -I../Drivers/STM32F4xx_HAL_Driver/Inc/Legacy -I../Drivers/CMSIS/Device/ST/STM32F4xx/Include -I../Drivers/CMSIS/Include -O0 -ffunction-sections -fdata-sections -Wall -fstack-usage -fcyclomatic-complexity -MMD -MP -MF"Core/Src/tim.d" -MT"Core/Src/tim.o" --specs=nano.specs -mfpu=fpv4-sp-d16 -mfloat-abi=hard -mthumb -o "Core/Src/tim.o"
../Core/Src/main.c: In function 'main':
../Core/Src/main.c:114:19: warning: pointer targets in passing argument 3 of 'CLCD_Puts' differ in signedness [-Wpointer-sign]
  114 |   CLCD_Puts(0, 0, "hello world");
      |                   ^~~~~~~~~~~~~
      |                   |
      |                   char *
In file included from ../Core/Src/main.c:27:
../Core/Inc/CLCD.h:57:65: note: expected 'unsigned char *' but argument is of type 'char *'
   57 | void CLCD_Puts(unsigned char x, unsigned char y, unsigned char *str);
      |                                                  ~~~~~~~~~~~~~~~^~~
../Core/Src/main.c:122:11: warning: unused variable 'str' [-Wunused-variable]
  122 |   uint8_t str[20];
      |           ^~~
../Core/Src/main.c:121:11: warning: unused variable 'a' [-Wunused-variable]
  121 |   uint8_t a = 0;
      |           ^
arm-none-eabi-gcc -o "6.PWM.elf" @"objects.list"   -mcpu=cortex-m4 -T"C:\STM32F4\6.PWM\6.PWM\STM32F407VETX_FLASH.ld" --specs=nosys.specs -Wl,-Map="6.PWM.map" -Wl,--gc-sections -static -u_printf_float --specs=nano.specs -mfpu=fpv4-sp-d16 -mfloat-abi=hard -mthumb -Wl,--start-group -lc -lm -Wl,--end-group
Finished building target: 6.PWM.elf
 
arm-none-eabi-size  6.PWM.elf 
arm-none-eabi-objdump -h -S 6.PWM.elf  > "6.PWM.list"
   text	   data	    bss	    dec	    hex	filename
  34468	    476	   2196	  37140	   9114	6.PWM.elf
Finished building: default.size.stdout
 
Finished building: 6.PWM.list
 
10:04:58 **** Incremental Build of configuration Debug for project 6.PWM ****
make -j8 all 
arm-none-eabi-gcc "../Core/Src/main.c" -mcpu=cortex-m4 -std=gnu11 -g3 -DDEBUG -DUSE_HAL_DRIVER -DSTM32F407xx -c -I../Core/Inc -I../Drivers/STM32F4xx_HAL_Driver/Inc -I../Drivers/STM32F4xx_HAL_Driver/Inc/Legacy -I../Drivers/CMSIS/Device/ST/STM32F4xx/Include -I../Drivers/CMSIS/Include -O0 -ffunction-sections -fdata-sections -Wall -fstack-usage -fcyclomatic-complexity -MMD -MP -MF"Core/Src/main.d" -MT"Core/Src/main.o" --specs=nano.specs -mfpu=fpv4-sp-d16 -mfloat-abi=hard -mthumb -o "Core/Src/main.o"
../Core/Src/main.c: In function 'main':
../Core/Src/main.c:114:19: warning: pointer targets in passing argument 3 of 'CLCD_Puts' differ in signedness [-Wpointer-sign]
  114 |   CLCD_Puts(0, 0, "hello world");
      |                   ^~~~~~~~~~~~~
      |                   |
      |                   char *
In file included from ../Core/Src/main.c:27:
../Core/Inc/CLCD.h:57:65: note: expected 'unsigned char *' but argument is of type 'char *'
   57 | void CLCD_Puts(unsigned char x, unsigned char y, unsigned char *str);
      |                                                  ~~~~~~~~~~~~~~~^~~
../Core/Src/main.c:130:11: warning: unused variable 'str' [-Wunused-variable]
  130 |   uint8_t str[20];
      |           ^~~
../Core/Src/main.c:129:11: warning: unused variable 'a' [-Wunused-variable]
  129 |   uint8_t a = 0;
      |           ^
arm-none-eabi-gcc -o "6.PWM.elf" @"objects.list"   -mcpu=cortex-m4 -T"C:\STM32F4\6.PWM\6.PWM\STM32F407VETX_FLASH.ld" --specs=nosys.specs -Wl,-Map="6.PWM.map" -Wl,--gc-sections -static -u_printf_float --specs=nano.specs -mfpu=fpv4-sp-d16 -mfloat-abi=hard -mthumb -Wl,--start-group -lc -lm -Wl,--end-group
Finished building target: 6.PWM.elf
 
arm-none-eabi-size  6.PWM.elf 
arm-none-eabi-objdump -h -S 6.PWM.elf  > "6.PWM.list"
   text	   data	    bss	    dec	    hex	filename
  34996	    476	   2196	  37668	   9324	6.PWM.elf
Finished building: default.size.stdout
 
Finished building: 6.PWM.list
 
10:13:56 **** Incremental Build of configuration Debug for project 6.PWM ****
make -j8 all 
arm-none-eabi-gcc "../Core/Src/main.c" -mcpu=cortex-m4 -std=gnu11 -g3 -DDEBUG -DUSE_HAL_DRIVER -DSTM32F407xx -c -I../Core/Inc -I../Drivers/STM32F4xx_HAL_Driver/Inc -I../Drivers/STM32F4xx_HAL_Driver/Inc/Legacy -I../Drivers/CMSIS/Device/ST/STM32F4xx/Include -I../Drivers/CMSIS/Include -O0 -ffunction-sections -fdata-sections -Wall -fstack-usage -fcyclomatic-complexity -MMD -MP -MF"Core/Src/main.d" -MT"Core/Src/main.o" --specs=nano.specs -mfpu=fpv4-sp-d16 -mfloat-abi=hard -mthumb -o "Core/Src/main.o"
../Core/Src/main.c: In function 'main':
../Core/Src/main.c:114:19: warning: pointer targets in passing argument 3 of 'CLCD_Puts' differ in signedness [-Wpointer-sign]
  114 |   CLCD_Puts(0, 0, "hello world");
      |                   ^~~~~~~~~~~~~
      |                   |
      |                   char *
In file included from ../Core/Src/main.c:27:
../Core/Inc/CLCD.h:57:65: note: expected 'unsigned char *' but argument is of type 'char *'
   57 | void CLCD_Puts(unsigned char x, unsigned char y, unsigned char *str);
      |                                                  ~~~~~~~~~~~~~~~^~~
../Core/Src/main.c:135:24: error: 'crr' undeclared (first use in this function); did you mean 'ccr'?
  135 |           TIM4->CCR1 = crr;
      |                        ^~~
      |                        ccr
../Core/Src/main.c:135:24: note: each undeclared identifier is reported only once for each function it appears in
../Core/Src/main.c:130:11: warning: unused variable 'str' [-Wunused-variable]
  130 |   uint8_t str[20];
      |           ^~~
../Core/Src/main.c:129:11: warning: unused variable 'a' [-Wunused-variable]
  129 |   uint8_t a = 0;
      |           ^
make: *** [Core/Src/subdir.mk:49: Core/Src/main.o] Error 1
"make -j8 all" terminated with exit code 2. Build might be incomplete.
10:14:17 **** Incremental Build of configuration Debug for project 6.PWM ****
make -j8 all 
arm-none-eabi-gcc "../Core/Src/main.c" -mcpu=cortex-m4 -std=gnu11 -g3 -DDEBUG -DUSE_HAL_DRIVER -DSTM32F407xx -c -I../Core/Inc -I../Drivers/STM32F4xx_HAL_Driver/Inc -I../Drivers/STM32F4xx_HAL_Driver/Inc/Legacy -I../Drivers/CMSIS/Device/ST/STM32F4xx/Include -I../Drivers/CMSIS/Include -O0 -ffunction-sections -fdata-sections -Wall -fstack-usage -fcyclomatic-complexity -MMD -MP -MF"Core/Src/main.d" -MT"Core/Src/main.o" --specs=nano.specs -mfpu=fpv4-sp-d16 -mfloat-abi=hard -mthumb -o "Core/Src/main.o"
../Core/Src/main.c: In function 'main':
../Core/Src/main.c:114:19: warning: pointer targets in passing argument 3 of 'CLCD_Puts' differ in signedness [-Wpointer-sign]
  114 |   CLCD_Puts(0, 0, "hello world");
      |                   ^~~~~~~~~~~~~
      |                   |
      |                   char *
In file included from ../Core/Src/main.c:27:
../Core/Inc/CLCD.h:57:65: note: expected 'unsigned char *' but argument is of type 'char *'
   57 | void CLCD_Puts(unsigned char x, unsigned char y, unsigned char *str);
      |                                                  ~~~~~~~~~~~~~~~^~~
../Core/Src/main.c:130:11: warning: unused variable 'str' [-Wunused-variable]
  130 |   uint8_t str[20];
      |           ^~~
../Core/Src/main.c:129:11: warning: unused variable 'a' [-Wunused-variable]
  129 |   uint8_t a = 0;
      |           ^
arm-none-eabi-gcc -o "6.PWM.elf" @"objects.list"   -mcpu=cortex-m4 -T"C:\STM32F4\6.PWM\6.PWM\STM32F407VETX_FLASH.ld" --specs=nosys.specs -Wl,-Map="6.PWM.map" -Wl,--gc-sections -static -u_printf_float --specs=nano.specs -mfpu=fpv4-sp-d16 -mfloat-abi=hard -mthumb -Wl,--start-group -lc -lm -Wl,--end-group
Finished building target: 6.PWM.elf
 
arm-none-eabi-size  6.PWM.elf 
arm-none-eabi-objdump -h -S 6.PWM.elf  > "6.PWM.list"
   text	   data	    bss	    dec	    hex	filename
  35044	    476	   2196	  37716	   9354	6.PWM.elf
Finished building: default.size.stdout
 
Finished building: 6.PWM.list
 
10:54:24 **** Incremental Build of configuration Debug for project 6.PWM ****
make -j8 all 
arm-none-eabi-gcc "../Core/Src/main.c" -mcpu=cortex-m4 -std=gnu11 -g3 -DDEBUG -DUSE_HAL_DRIVER -DSTM32F407xx -c -I../Core/Inc -I../Drivers/STM32F4xx_HAL_Driver/Inc -I../Drivers/STM32F4xx_HAL_Driver/Inc/Legacy -I../Drivers/CMSIS/Device/ST/STM32F4xx/Include -I../Drivers/CMSIS/Include -O0 -ffunction-sections -fdata-sections -Wall -fstack-usage -fcyclomatic-complexity -MMD -MP -MF"Core/Src/main.d" -MT"Core/Src/main.o" --specs=nano.specs -mfpu=fpv4-sp-d16 -mfloat-abi=hard -mthumb -o "Core/Src/main.o"
arm-none-eabi-gcc "../Core/Src/tim.c" -mcpu=cortex-m4 -std=gnu11 -g3 -DDEBUG -DUSE_HAL_DRIVER -DSTM32F407xx -c -I../Core/Inc -I../Drivers/STM32F4xx_HAL_Driver/Inc -I../Drivers/STM32F4xx_HAL_Driver/Inc/Legacy -I../Drivers/CMSIS/Device/ST/STM32F4xx/Include -I../Drivers/CMSIS/Include -O0 -ffunction-sections -fdata-sections -Wall -fstack-usage -fcyclomatic-complexity -MMD -MP -MF"Core/Src/tim.d" -MT"Core/Src/tim.o" --specs=nano.specs -mfpu=fpv4-sp-d16 -mfloat-abi=hard -mthumb -o "Core/Src/tim.o"
../Core/Src/main.c: In function 'main':
../Core/Src/main.c:115:19: warning: pointer targets in passing argument 3 of 'CLCD_Puts' differ in signedness [-Wpointer-sign]
  115 |   CLCD_Puts(0, 0, "hello world");
      |                   ^~~~~~~~~~~~~
      |                   |
      |                   char *
In file included from ../Core/Src/main.c:27:
../Core/Inc/CLCD.h:57:65: note: expected 'unsigned char *' but argument is of type 'char *'
   57 | void CLCD_Puts(unsigned char x, unsigned char y, unsigned char *str);
      |                                                  ~~~~~~~~~~~~~~~^~~
../Core/Src/main.c:133:11: warning: unused variable 'str' [-Wunused-variable]
  133 |   uint8_t str[20];
      |           ^~~
../Core/Src/main.c:132:11: warning: unused variable 'a' [-Wunused-variable]
  132 |   uint8_t a = 0;
      |           ^
arm-none-eabi-gcc -o "6.PWM.elf" @"objects.list"   -mcpu=cortex-m4 -T"C:\STM32F4\6.PWM\6.PWM\STM32F407VETX_FLASH.ld" --specs=nosys.specs -Wl,-Map="6.PWM.map" -Wl,--gc-sections -static -u_printf_float --specs=nano.specs -mfpu=fpv4-sp-d16 -mfloat-abi=hard -mthumb -Wl,--start-group -lc -lm -Wl,--end-group
Finished building target: 6.PWM.elf
 
arm-none-eabi-size  6.PWM.elf 
arm-none-eabi-objdump -h -S 6.PWM.elf  > "6.PWM.list"
   text	   data	    bss	    dec	    hex	filename
  35340	    476	   2268	  38084	   94c4	6.PWM.elf
Finished building: default.size.stdout
 
Finished building: 6.PWM.list
 
10:55:03 **** Incremental Build of configuration Debug for project 6.PWM ****
make -j8 all 
arm-none-eabi-size  6.PWM.elf 
   text	   data	    bss	    dec	    hex	filename
  35340	    476	   2268	  38084	   94c4	6.PWM.elf
Finished building: default.size.stdout
 
10:55:38 **** Incremental Build of configuration Debug for project 6.PWM ****
make -j8 all 
arm-none-eabi-size  6.PWM.elf 
   text	   data	    bss	    dec	    hex	filename
  35340	    476	   2268	  38084	   94c4	6.PWM.elf
Finished building: default.size.stdout
 
10:59:16 **** Incremental Build of configuration Debug for project 6.PWM ****
make -j8 all 
arm-none-eabi-gcc "../Core/Src/main.c" -mcpu=cortex-m4 -std=gnu11 -g3 -DDEBUG -DUSE_HAL_DRIVER -DSTM32F407xx -c -I../Core/Inc -I../Drivers/STM32F4xx_HAL_Driver/Inc -I../Drivers/STM32F4xx_HAL_Driver/Inc/Legacy -I../Drivers/CMSIS/Device/ST/STM32F4xx/Include -I../Drivers/CMSIS/Include -O0 -ffunction-sections -fdata-sections -Wall -fstack-usage -fcyclomatic-complexity -MMD -MP -MF"Core/Src/main.d" -MT"Core/Src/main.o" --specs=nano.specs -mfpu=fpv4-sp-d16 -mfloat-abi=hard -mthumb -o "Core/Src/main.o"
../Core/Src/main.c: In function 'main':
../Core/Src/main.c:115:19: warning: pointer targets in passing argument 3 of 'CLCD_Puts' differ in signedness [-Wpointer-sign]
  115 |   CLCD_Puts(0, 0, "hello world");
      |                   ^~~~~~~~~~~~~
      |                   |
      |                   char *
In file included from ../Core/Src/main.c:27:
../Core/Inc/CLCD.h:57:65: note: expected 'unsigned char *' but argument is of type 'char *'
   57 | void CLCD_Puts(unsigned char x, unsigned char y, unsigned char *str);
      |                                                  ~~~~~~~~~~~~~~~^~~
../Core/Src/main.c:136:12: warning: unused variable 'ccr' [-Wunused-variable]
  136 |   uint16_t ccr = 0;
      |            ^~~
../Core/Src/main.c:135:11: warning: unused variable 'str' [-Wunused-variable]
  135 |   uint8_t str[20];
      |           ^~~
../Core/Src/main.c:134:11: warning: unused variable 'a' [-Wunused-variable]
  134 |   uint8_t a = 0;
      |           ^
arm-none-eabi-gcc -o "6.PWM.elf" @"objects.list"   -mcpu=cortex-m4 -T"C:\STM32F4\6.PWM\6.PWM\STM32F407VETX_FLASH.ld" --specs=nosys.specs -Wl,-Map="6.PWM.map" -Wl,--gc-sections -static -u_printf_float --specs=nano.specs -mfpu=fpv4-sp-d16 -mfloat-abi=hard -mthumb -Wl,--start-group -lc -lm -Wl,--end-group
Finished building target: 6.PWM.elf
 
arm-none-eabi-size  6.PWM.elf 
arm-none-eabi-objdump -h -S 6.PWM.elf  > "6.PWM.list"
   text	   data	    bss	    dec	    hex	filename
  35332	    476	   2268	  38076	   94bc	6.PWM.elf
Finished building: default.size.stdout
 
Finished building: 6.PWM.list
 
11:01:46 **** Incremental Build of configuration Debug for project 6.PWM ****
make -j8 all 
arm-none-eabi-size  6.PWM.elf 
   text	   data	    bss	    dec	    hex	filename
  35332	    476	   2268	  38076	   94bc	6.PWM.elf
Finished building: default.size.stdout
 
11:02:13 **** Incremental Build of configuration Debug for project 6.PWM ****
make -j8 all 
arm-none-eabi-size  6.PWM.elf 
   text	   data	    bss	    dec	    hex	filename
  35332	    476	   2268	  38076	   94bc	6.PWM.elf
Finished building: default.size.stdout
 
11:02:48 **** Incremental Build of configuration Debug for project 6.PWM ****
make -j8 all 
arm-none-eabi-gcc "../Core/Src/main.c" -mcpu=cortex-m4 -std=gnu11 -g3 -DDEBUG -DUSE_HAL_DRIVER -DSTM32F407xx -c -I../Core/Inc -I../Drivers/STM32F4xx_HAL_Driver/Inc -I../Drivers/STM32F4xx_HAL_Driver/Inc/Legacy -I../Drivers/CMSIS/Device/ST/STM32F4xx/Include -I../Drivers/CMSIS/Include -O0 -ffunction-sections -fdata-sections -Wall -fstack-usage -fcyclomatic-complexity -MMD -MP -MF"Core/Src/main.d" -MT"Core/Src/main.o" --specs=nano.specs -mfpu=fpv4-sp-d16 -mfloat-abi=hard -mthumb -o "Core/Src/main.o"
../Core/Src/main.c: In function 'main':
../Core/Src/main.c:115:19: warning: pointer targets in passing argument 3 of 'CLCD_Puts' differ in signedness [-Wpointer-sign]
  115 |   CLCD_Puts(0, 0, "hello world");
      |                   ^~~~~~~~~~~~~
      |                   |
      |                   char *
In file included from ../Core/Src/main.c:27:
../Core/Inc/CLCD.h:57:65: note: expected 'unsigned char *' but argument is of type 'char *'
   57 | void CLCD_Puts(unsigned char x, unsigned char y, unsigned char *str);
      |                                                  ~~~~~~~~~~~~~~~^~~
../Core/Src/main.c:136:12: warning: unused variable 'ccr' [-Wunused-variable]
  136 |   uint16_t ccr = 0;
      |            ^~~
../Core/Src/main.c:135:11: warning: unused variable 'str' [-Wunused-variable]
  135 |   uint8_t str[20];
      |           ^~~
../Core/Src/main.c:134:11: warning: unused variable 'a' [-Wunused-variable]
  134 |   uint8_t a = 0;
      |           ^
arm-none-eabi-gcc -o "6.PWM.elf" @"objects.list"   -mcpu=cortex-m4 -T"C:\STM32F4\6.PWM\6.PWM\STM32F407VETX_FLASH.ld" --specs=nosys.specs -Wl,-Map="6.PWM.map" -Wl,--gc-sections -static -u_printf_float --specs=nano.specs -mfpu=fpv4-sp-d16 -mfloat-abi=hard -mthumb -Wl,--start-group -lc -lm -Wl,--end-group
Finished building target: 6.PWM.elf
 
arm-none-eabi-size  6.PWM.elf 
arm-none-eabi-objdump -h -S 6.PWM.elf  > "6.PWM.list"
   text	   data	    bss	    dec	    hex	filename
  35308	    476	   2268	  38052	   94a4	6.PWM.elf
Finished building: default.size.stdout
 
Finished building: 6.PWM.list
 
11:05:50 **** Incremental Build of configuration Debug for project 6.PWM ****
make -j8 all 
arm-none-eabi-gcc "../Core/Src/main.c" -mcpu=cortex-m4 -std=gnu11 -g3 -DDEBUG -DUSE_HAL_DRIVER -DSTM32F407xx -c -I../Core/Inc -I../Drivers/STM32F4xx_HAL_Driver/Inc -I../Drivers/STM32F4xx_HAL_Driver/Inc/Legacy -I../Drivers/CMSIS/Device/ST/STM32F4xx/Include -I../Drivers/CMSIS/Include -O0 -ffunction-sections -fdata-sections -Wall -fstack-usage -fcyclomatic-complexity -MMD -MP -MF"Core/Src/main.d" -MT"Core/Src/main.o" --specs=nano.specs -mfpu=fpv4-sp-d16 -mfloat-abi=hard -mthumb -o "Core/Src/main.o"
../Core/Src/main.c: In function 'main':
../Core/Src/main.c:115:19: warning: pointer targets in passing argument 3 of 'CLCD_Puts' differ in signedness [-Wpointer-sign]
  115 |   CLCD_Puts(0, 0, "hello world");
      |                   ^~~~~~~~~~~~~
      |                   |
      |                   char *
In file included from ../Core/Src/main.c:27:
../Core/Inc/CLCD.h:57:65: note: expected 'unsigned char *' but argument is of type 'char *'
   57 | void CLCD_Puts(unsigned char x, unsigned char y, unsigned char *str);
      |                                                  ~~~~~~~~~~~~~~~^~~
../Core/Src/main.c:136:12: warning: unused variable 'ccr' [-Wunused-variable]
  136 |   uint16_t ccr = 0;
      |            ^~~
../Core/Src/main.c:135:11: warning: unused variable 'str' [-Wunused-variable]
  135 |   uint8_t str[20];
      |           ^~~
../Core/Src/main.c:134:11: warning: unused variable 'a' [-Wunused-variable]
  134 |   uint8_t a = 0;
      |           ^
arm-none-eabi-gcc -o "6.PWM.elf" @"objects.list"   -mcpu=cortex-m4 -T"C:\STM32F4\6.PWM\6.PWM\STM32F407VETX_FLASH.ld" --specs=nosys.specs -Wl,-Map="6.PWM.map" -Wl,--gc-sections -static -u_printf_float --specs=nano.specs -mfpu=fpv4-sp-d16 -mfloat-abi=hard -mthumb -Wl,--start-group -lc -lm -Wl,--end-group
Finished building target: 6.PWM.elf
 
arm-none-eabi-size  6.PWM.elf 
arm-none-eabi-objdump -h -S 6.PWM.elf  > "6.PWM.list"
   text	   data	    bss	    dec	    hex	filename
  35308	    476	   2268	  38052	   94a4	6.PWM.elf
Finished building: default.size.stdout
 
Finished building: 6.PWM.list
 
11:06:39 **** Incremental Build of configuration Debug for project 6.PWM ****
make -j8 all 
arm-none-eabi-gcc "../Core/Src/main.c" -mcpu=cortex-m4 -std=gnu11 -g3 -DDEBUG -DUSE_HAL_DRIVER -DSTM32F407xx -c -I../Core/Inc -I../Drivers/STM32F4xx_HAL_Driver/Inc -I../Drivers/STM32F4xx_HAL_Driver/Inc/Legacy -I../Drivers/CMSIS/Device/ST/STM32F4xx/Include -I../Drivers/CMSIS/Include -O0 -ffunction-sections -fdata-sections -Wall -fstack-usage -fcyclomatic-complexity -MMD -MP -MF"Core/Src/main.d" -MT"Core/Src/main.o" --specs=nano.specs -mfpu=fpv4-sp-d16 -mfloat-abi=hard -mthumb -o "Core/Src/main.o"
../Core/Src/main.c: In function 'main':
../Core/Src/main.c:115:19: warning: pointer targets in passing argument 3 of 'CLCD_Puts' differ in signedness [-Wpointer-sign]
  115 |   CLCD_Puts(0, 0, "hello world");
      |                   ^~~~~~~~~~~~~
      |                   |
      |                   char *
In file included from ../Core/Src/main.c:27:
../Core/Inc/CLCD.h:57:65: note: expected 'unsigned char *' but argument is of type 'char *'
   57 | void CLCD_Puts(unsigned char x, unsigned char y, unsigned char *str);
      |                                                  ~~~~~~~~~~~~~~~^~~
../Core/Src/main.c:147:25: error: 'crr' undeclared (first use in this function); did you mean 'ccr'?
  147 |           TIM10->CCR1 = crr++;
      |                         ^~~
      |                         ccr
../Core/Src/main.c:147:25: note: each undeclared identifier is reported only once for each function it appears in
../Core/Src/main.c:136:12: warning: unused variable 'ccr' [-Wunused-variable]
  136 |   uint16_t ccr = 0;
      |            ^~~
../Core/Src/main.c:135:11: warning: unused variable 'str' [-Wunused-variable]
  135 |   uint8_t str[20];
      |           ^~~
../Core/Src/main.c:134:11: warning: unused variable 'a' [-Wunused-variable]
  134 |   uint8_t a = 0;
      |           ^
make: *** [Core/Src/subdir.mk:49: Core/Src/main.o] Error 1
"make -j8 all" terminated with exit code 2. Build might be incomplete.
11:06:48 **** Incremental Build of configuration Debug for project 6.PWM ****
make -j8 all 
arm-none-eabi-gcc "../Core/Src/main.c" -mcpu=cortex-m4 -std=gnu11 -g3 -DDEBUG -DUSE_HAL_DRIVER -DSTM32F407xx -c -I../Core/Inc -I../Drivers/STM32F4xx_HAL_Driver/Inc -I../Drivers/STM32F4xx_HAL_Driver/Inc/Legacy -I../Drivers/CMSIS/Device/ST/STM32F4xx/Include -I../Drivers/CMSIS/Include -O0 -ffunction-sections -fdata-sections -Wall -fstack-usage -fcyclomatic-complexity -MMD -MP -MF"Core/Src/main.d" -MT"Core/Src/main.o" --specs=nano.specs -mfpu=fpv4-sp-d16 -mfloat-abi=hard -mthumb -o "Core/Src/main.o"
../Core/Src/main.c: In function 'main':
../Core/Src/main.c:115:19: warning: pointer targets in passing argument 3 of 'CLCD_Puts' differ in signedness [-Wpointer-sign]
  115 |   CLCD_Puts(0, 0, "hello world");
      |                   ^~~~~~~~~~~~~
      |                   |
      |                   char *
In file included from ../Core/Src/main.c:27:
../Core/Inc/CLCD.h:57:65: note: expected 'unsigned char *' but argument is of type 'char *'
   57 | void CLCD_Puts(unsigned char x, unsigned char y, unsigned char *str);
      |                                                  ~~~~~~~~~~~~~~~^~~
../Core/Src/main.c:135:11: warning: unused variable 'str' [-Wunused-variable]
  135 |   uint8_t str[20];
      |           ^~~
../Core/Src/main.c:134:11: warning: unused variable 'a' [-Wunused-variable]
  134 |   uint8_t a = 0;
      |           ^
arm-none-eabi-gcc -o "6.PWM.elf" @"objects.list"   -mcpu=cortex-m4 -T"C:\STM32F4\6.PWM\6.PWM\STM32F407VETX_FLASH.ld" --specs=nosys.specs -Wl,-Map="6.PWM.map" -Wl,--gc-sections -static -u_printf_float --specs=nano.specs -mfpu=fpv4-sp-d16 -mfloat-abi=hard -mthumb -Wl,--start-group -lc -lm -Wl,--end-group
Finished building target: 6.PWM.elf
 
arm-none-eabi-size  6.PWM.elf 
arm-none-eabi-objdump -h -S 6.PWM.elf  > "6.PWM.list"
   text	   data	    bss	    dec	    hex	filename
  35316	    476	   2268	  38060	   94ac	6.PWM.elf
Finished building: default.size.stdout
 
Finished building: 6.PWM.list
 
11:07:20 **** Incremental Build of configuration Debug for project 6.PWM ****
make -j8 all 
arm-none-eabi-gcc "../Core/Src/main.c" -mcpu=cortex-m4 -std=gnu11 -g3 -DDEBUG -DUSE_HAL_DRIVER -DSTM32F407xx -c -I../Core/Inc -I../Drivers/STM32F4xx_HAL_Driver/Inc -I../Drivers/STM32F4xx_HAL_Driver/Inc/Legacy -I../Drivers/CMSIS/Device/ST/STM32F4xx/Include -I../Drivers/CMSIS/Include -O0 -ffunction-sections -fdata-sections -Wall -fstack-usage -fcyclomatic-complexity -MMD -MP -MF"Core/Src/main.d" -MT"Core/Src/main.o" --specs=nano.specs -mfpu=fpv4-sp-d16 -mfloat-abi=hard -mthumb -o "Core/Src/main.o"
../Core/Src/main.c: In function 'main':
../Core/Src/main.c:115:19: warning: pointer targets in passing argument 3 of 'CLCD_Puts' differ in signedness [-Wpointer-sign]
  115 |   CLCD_Puts(0, 0, "hello world");
      |                   ^~~~~~~~~~~~~
      |                   |
      |                   char *
In file included from ../Core/Src/main.c:27:
../Core/Inc/CLCD.h:57:65: note: expected 'unsigned char *' but argument is of type 'char *'
   57 | void CLCD_Puts(unsigned char x, unsigned char y, unsigned char *str);
      |                                                  ~~~~~~~~~~~~~~~^~~
../Core/Src/main.c:136:12: warning: unused variable 'ccr' [-Wunused-variable]
  136 |   uint16_t ccr = 0;
      |            ^~~
../Core/Src/main.c:135:11: warning: unused variable 'str' [-Wunused-variable]
  135 |   uint8_t str[20];
      |           ^~~
../Core/Src/main.c:134:11: warning: unused variable 'a' [-Wunused-variable]
  134 |   uint8_t a = 0;
      |           ^
arm-none-eabi-gcc -o "6.PWM.elf" @"objects.list"   -mcpu=cortex-m4 -T"C:\STM32F4\6.PWM\6.PWM\STM32F407VETX_FLASH.ld" --specs=nosys.specs -Wl,-Map="6.PWM.map" -Wl,--gc-sections -static -u_printf_float --specs=nano.specs -mfpu=fpv4-sp-d16 -mfloat-abi=hard -mthumb -Wl,--start-group -lc -lm -Wl,--end-group
Finished building target: 6.PWM.elf
 
arm-none-eabi-size  6.PWM.elf 
arm-none-eabi-objdump -h -S 6.PWM.elf  > "6.PWM.list"
   text	   data	    bss	    dec	    hex	filename
  35300	    476	   2268	  38044	   949c	6.PWM.elf
Finished building: default.size.stdout
 
Finished building: 6.PWM.list
 
11:08:15 **** Incremental Build of configuration Debug for project 6.PWM ****
make -j8 all 
arm-none-eabi-gcc "../Core/Src/main.c" -mcpu=cortex-m4 -std=gnu11 -g3 -DDEBUG -DUSE_HAL_DRIVER -DSTM32F407xx -c -I../Core/Inc -I../Drivers/STM32F4xx_HAL_Driver/Inc -I../Drivers/STM32F4xx_HAL_Driver/Inc/Legacy -I../Drivers/CMSIS/Device/ST/STM32F4xx/Include -I../Drivers/CMSIS/Include -O0 -ffunction-sections -fdata-sections -Wall -fstack-usage -fcyclomatic-complexity -MMD -MP -MF"Core/Src/main.d" -MT"Core/Src/main.o" --specs=nano.specs -mfpu=fpv4-sp-d16 -mfloat-abi=hard -mthumb -o "Core/Src/main.o"
../Core/Src/main.c: In function 'main':
../Core/Src/main.c:115:19: warning: pointer targets in passing argument 3 of 'CLCD_Puts' differ in signedness [-Wpointer-sign]
  115 |   CLCD_Puts(0, 0, "hello world");
      |                   ^~~~~~~~~~~~~
      |                   |
      |                   char *
In file included from ../Core/Src/main.c:27:
../Core/Inc/CLCD.h:57:65: note: expected 'unsigned char *' but argument is of type 'char *'
   57 | void CLCD_Puts(unsigned char x, unsigned char y, unsigned char *str);
      |                                                  ~~~~~~~~~~~~~~~^~~
../Core/Src/main.c:135:11: warning: unused variable 'str' [-Wunused-variable]
  135 |   uint8_t str[20];
      |           ^~~
../Core/Src/main.c:134:11: warning: unused variable 'a' [-Wunused-variable]
  134 |   uint8_t a = 0;
      |           ^
arm-none-eabi-gcc -o "6.PWM.elf" @"objects.list"   -mcpu=cortex-m4 -T"C:\STM32F4\6.PWM\6.PWM\STM32F407VETX_FLASH.ld" --specs=nosys.specs -Wl,-Map="6.PWM.map" -Wl,--gc-sections -static -u_printf_float --specs=nano.specs -mfpu=fpv4-sp-d16 -mfloat-abi=hard -mthumb -Wl,--start-group -lc -lm -Wl,--end-group
Finished building target: 6.PWM.elf
 
arm-none-eabi-size  6.PWM.elf 
arm-none-eabi-objdump -h -S 6.PWM.elf  > "6.PWM.list"
   text	   data	    bss	    dec	    hex	filename
  35324	    476	   2268	  38068	   94b4	6.PWM.elf
Finished building: default.size.stdout
 
Finished building: 6.PWM.list
 
11:11:56 **** Incremental Build of configuration Debug for project 6.PWM ****
make -j8 all 
arm-none-eabi-gcc "../Core/Src/main.c" -mcpu=cortex-m4 -std=gnu11 -g3 -DDEBUG -DUSE_HAL_DRIVER -DSTM32F407xx -c -I../Core/Inc -I../Drivers/STM32F4xx_HAL_Driver/Inc -I../Drivers/STM32F4xx_HAL_Driver/Inc/Legacy -I../Drivers/CMSIS/Device/ST/STM32F4xx/Include -I../Drivers/CMSIS/Include -O0 -ffunction-sections -fdata-sections -Wall -fstack-usage -fcyclomatic-complexity -MMD -MP -MF"Core/Src/main.d" -MT"Core/Src/main.o" --specs=nano.specs -mfpu=fpv4-sp-d16 -mfloat-abi=hard -mthumb -o "Core/Src/main.o"
arm-none-eabi-gcc "../Core/Src/tim.c" -mcpu=cortex-m4 -std=gnu11 -g3 -DDEBUG -DUSE_HAL_DRIVER -DSTM32F407xx -c -I../Core/Inc -I../Drivers/STM32F4xx_HAL_Driver/Inc -I../Drivers/STM32F4xx_HAL_Driver/Inc/Legacy -I../Drivers/CMSIS/Device/ST/STM32F4xx/Include -I../Drivers/CMSIS/Include -O0 -ffunction-sections -fdata-sections -Wall -fstack-usage -fcyclomatic-complexity -MMD -MP -MF"Core/Src/tim.d" -MT"Core/Src/tim.o" --specs=nano.specs -mfpu=fpv4-sp-d16 -mfloat-abi=hard -mthumb -o "Core/Src/tim.o"
../Core/Src/main.c: In function 'main':
../Core/Src/main.c:115:19: warning: pointer targets in passing argument 3 of 'CLCD_Puts' differ in signedness [-Wpointer-sign]
  115 |   CLCD_Puts(0, 0, "hello world");
      |                   ^~~~~~~~~~~~~
      |                   |
      |                   char *
In file included from ../Core/Src/main.c:27:
../Core/Inc/CLCD.h:57:65: note: expected 'unsigned char *' but argument is of type 'char *'
   57 | void CLCD_Puts(unsigned char x, unsigned char y, unsigned char *str);
      |                                                  ~~~~~~~~~~~~~~~^~~
../Core/Src/main.c:136:12: warning: unused variable 'ccr' [-Wunused-variable]
  136 |   uint16_t ccr = 0;
      |            ^~~
../Core/Src/main.c:135:11: warning: unused variable 'str' [-Wunused-variable]
  135 |   uint8_t str[20];
      |           ^~~
../Core/Src/main.c:134:11: warning: unused variable 'a' [-Wunused-variable]
  134 |   uint8_t a = 0;
      |           ^
arm-none-eabi-gcc -o "6.PWM.elf" @"objects.list"   -mcpu=cortex-m4 -T"C:\STM32F4\6.PWM\6.PWM\STM32F407VETX_FLASH.ld" --specs=nosys.specs -Wl,-Map="6.PWM.map" -Wl,--gc-sections -static -u_printf_float --specs=nano.specs -mfpu=fpv4-sp-d16 -mfloat-abi=hard -mthumb -Wl,--start-group -lc -lm -Wl,--end-group
Finished building target: 6.PWM.elf
 
arm-none-eabi-size  6.PWM.elf 
arm-none-eabi-objdump -h -S 6.PWM.elf  > "6.PWM.list"
   text	   data	    bss	    dec	    hex	filename
  35308	    476	   2268	  38052	   94a4	6.PWM.elf
Finished building: default.size.stdout
 
Finished building: 6.PWM.list
 
11:24:19 **** Incremental Build of configuration Debug for project 6.PWM ****
make -j8 all 
arm-none-eabi-gcc "../Core/Src/main.c" -mcpu=cortex-m4 -std=gnu11 -g3 -DDEBUG -DUSE_HAL_DRIVER -DSTM32F407xx -c -I../Core/Inc -I../Drivers/STM32F4xx_HAL_Driver/Inc -I../Drivers/STM32F4xx_HAL_Driver/Inc/Legacy -I../Drivers/CMSIS/Device/ST/STM32F4xx/Include -I../Drivers/CMSIS/Include -O0 -ffunction-sections -fdata-sections -Wall -fstack-usage -fcyclomatic-complexity -MMD -MP -MF"Core/Src/main.d" -MT"Core/Src/main.o" --specs=nano.specs -mfpu=fpv4-sp-d16 -mfloat-abi=hard -mthumb -o "Core/Src/main.o"
arm-none-eabi-gcc "../Core/Src/tim.c" -mcpu=cortex-m4 -std=gnu11 -g3 -DDEBUG -DUSE_HAL_DRIVER -DSTM32F407xx -c -I../Core/Inc -I../Drivers/STM32F4xx_HAL_Driver/Inc -I../Drivers/STM32F4xx_HAL_Driver/Inc/Legacy -I../Drivers/CMSIS/Device/ST/STM32F4xx/Include -I../Drivers/CMSIS/Include -O0 -ffunction-sections -fdata-sections -Wall -fstack-usage -fcyclomatic-complexity -MMD -MP -MF"Core/Src/tim.d" -MT"Core/Src/tim.o" --specs=nano.specs -mfpu=fpv4-sp-d16 -mfloat-abi=hard -mthumb -o "Core/Src/tim.o"
../Core/Src/main.c: In function 'main':
../Core/Src/main.c:115:19: warning: pointer targets in passing argument 3 of 'CLCD_Puts' differ in signedness [-Wpointer-sign]
  115 |   CLCD_Puts(0, 0, "hello world");
      |                   ^~~~~~~~~~~~~
      |                   |
      |                   char *
In file included from ../Core/Src/main.c:27:
../Core/Inc/CLCD.h:57:65: note: expected 'unsigned char *' but argument is of type 'char *'
   57 | void CLCD_Puts(unsigned char x, unsigned char y, unsigned char *str);
      |                                                  ~~~~~~~~~~~~~~~^~~
../Core/Src/main.c:135:12: warning: unused variable 'ccr' [-Wunused-variable]
  135 |   uint16_t ccr = 0;
      |            ^~~
../Core/Src/main.c:134:11: warning: unused variable 'str' [-Wunused-variable]
  134 |   uint8_t str[20];
      |           ^~~
../Core/Src/main.c:133:11: warning: unused variable 'a' [-Wunused-variable]
  133 |   uint8_t a = 0;
      |           ^
arm-none-eabi-gcc -o "6.PWM.elf" @"objects.list"   -mcpu=cortex-m4 -T"C:\STM32F4\6.PWM\6.PWM\STM32F407VETX_FLASH.ld" --specs=nosys.specs -Wl,-Map="6.PWM.map" -Wl,--gc-sections -static -u_printf_float --specs=nano.specs -mfpu=fpv4-sp-d16 -mfloat-abi=hard -mthumb -Wl,--start-group -lc -lm -Wl,--end-group
Finished building target: 6.PWM.elf
 
arm-none-eabi-size  6.PWM.elf 
arm-none-eabi-objdump -h -S 6.PWM.elf  > "6.PWM.list"
   text	   data	    bss	    dec	    hex	filename
  35300	    476	   2268	  38044	   949c	6.PWM.elf
Finished building: default.size.stdout
 
Finished building: 6.PWM.list
 
11:25:56 **** Incremental Build of configuration Debug for project 6.PWM ****
make -j8 all 
arm-none-eabi-gcc "../Core/Src/main.c" -mcpu=cortex-m4 -std=gnu11 -g3 -DDEBUG -DUSE_HAL_DRIVER -DSTM32F407xx -c -I../Core/Inc -I../Drivers/STM32F4xx_HAL_Driver/Inc -I../Drivers/STM32F4xx_HAL_Driver/Inc/Legacy -I../Drivers/CMSIS/Device/ST/STM32F4xx/Include -I../Drivers/CMSIS/Include -O0 -ffunction-sections -fdata-sections -Wall -fstack-usage -fcyclomatic-complexity -MMD -MP -MF"Core/Src/main.d" -MT"Core/Src/main.o" --specs=nano.specs -mfpu=fpv4-sp-d16 -mfloat-abi=hard -mthumb -o "Core/Src/main.o"
../Core/Src/main.c: In function 'main':
../Core/Src/main.c:115:19: warning: pointer targets in passing argument 3 of 'CLCD_Puts' differ in signedness [-Wpointer-sign]
  115 |   CLCD_Puts(0, 0, "hello world");
      |                   ^~~~~~~~~~~~~
      |                   |
      |                   char *
In file included from ../Core/Src/main.c:27:
../Core/Inc/CLCD.h:57:65: note: expected 'unsigned char *' but argument is of type 'char *'
   57 | void CLCD_Puts(unsigned char x, unsigned char y, unsigned char *str);
      |                                                  ~~~~~~~~~~~~~~~^~~
../Core/Src/main.c:134:11: warning: unused variable 'str' [-Wunused-variable]
  134 |   uint8_t str[20];
      |           ^~~
../Core/Src/main.c:133:11: warning: unused variable 'a' [-Wunused-variable]
  133 |   uint8_t a = 0;
      |           ^
arm-none-eabi-gcc -o "6.PWM.elf" @"objects.list"   -mcpu=cortex-m4 -T"C:\STM32F4\6.PWM\6.PWM\STM32F407VETX_FLASH.ld" --specs=nosys.specs -Wl,-Map="6.PWM.map" -Wl,--gc-sections -static -u_printf_float --specs=nano.specs -mfpu=fpv4-sp-d16 -mfloat-abi=hard -mthumb -Wl,--start-group -lc -lm -Wl,--end-group
Finished building target: 6.PWM.elf
 
arm-none-eabi-size  6.PWM.elf 
arm-none-eabi-objdump -h -S 6.PWM.elf  > "6.PWM.list"
   text	   data	    bss	    dec	    hex	filename
  35324	    476	   2268	  38068	   94b4	6.PWM.elf
Finished building: default.size.stdout
 
Finished building: 6.PWM.list
 
11:26:29 **** Incremental Build of configuration Debug for project 6.PWM ****
make -j8 all 
arm-none-eabi-gcc "../Core/Src/main.c" -mcpu=cortex-m4 -std=gnu11 -g3 -DDEBUG -DUSE_HAL_DRIVER -DSTM32F407xx -c -I../Core/Inc -I../Drivers/STM32F4xx_HAL_Driver/Inc -I../Drivers/STM32F4xx_HAL_Driver/Inc/Legacy -I../Drivers/CMSIS/Device/ST/STM32F4xx/Include -I../Drivers/CMSIS/Include -O0 -ffunction-sections -fdata-sections -Wall -fstack-usage -fcyclomatic-complexity -MMD -MP -MF"Core/Src/main.d" -MT"Core/Src/main.o" --specs=nano.specs -mfpu=fpv4-sp-d16 -mfloat-abi=hard -mthumb -o "Core/Src/main.o"
../Core/Src/main.c: In function 'main':
../Core/Src/main.c:115:19: warning: pointer targets in passing argument 3 of 'CLCD_Puts' differ in signedness [-Wpointer-sign]
  115 |   CLCD_Puts(0, 0, "hello world");
      |                   ^~~~~~~~~~~~~
      |                   |
      |                   char *
In file included from ../Core/Src/main.c:27:
../Core/Inc/CLCD.h:57:65: note: expected 'unsigned char *' but argument is of type 'char *'
   57 | void CLCD_Puts(unsigned char x, unsigned char y, unsigned char *str);
      |                                                  ~~~~~~~~~~~~~~~^~~
../Core/Src/main.c:135:12: warning: unused variable 'ccr' [-Wunused-variable]
  135 |   uint16_t ccr = 100;
      |            ^~~
../Core/Src/main.c:134:11: warning: unused variable 'str' [-Wunused-variable]
  134 |   uint8_t str[20];
      |           ^~~
../Core/Src/main.c:133:11: warning: unused variable 'a' [-Wunused-variable]
  133 |   uint8_t a = 0;
      |           ^
arm-none-eabi-gcc -o "6.PWM.elf" @"objects.list"   -mcpu=cortex-m4 -T"C:\STM32F4\6.PWM\6.PWM\STM32F407VETX_FLASH.ld" --specs=nosys.specs -Wl,-Map="6.PWM.map" -Wl,--gc-sections -static -u_printf_float --specs=nano.specs -mfpu=fpv4-sp-d16 -mfloat-abi=hard -mthumb -Wl,--start-group -lc -lm -Wl,--end-group
Finished building target: 6.PWM.elf
 
arm-none-eabi-size  6.PWM.elf 
arm-none-eabi-objdump -h -S 6.PWM.elf  > "6.PWM.list"
   text	   data	    bss	    dec	    hex	filename
  35300	    476	   2268	  38044	   949c	6.PWM.elf
Finished building: default.size.stdout
 
Finished building: 6.PWM.list
 
11:31:21 **** Incremental Build of configuration Debug for project 6.PWM ****
make -j8 all 
arm-none-eabi-gcc "../Core/Src/main.c" -mcpu=cortex-m4 -std=gnu11 -g3 -DDEBUG -DUSE_HAL_DRIVER -DSTM32F407xx -c -I../Core/Inc -I../Drivers/STM32F4xx_HAL_Driver/Inc -I../Drivers/STM32F4xx_HAL_Driver/Inc/Legacy -I../Drivers/CMSIS/Device/ST/STM32F4xx/Include -I../Drivers/CMSIS/Include -O0 -ffunction-sections -fdata-sections -Wall -fstack-usage -fcyclomatic-complexity -MMD -MP -MF"Core/Src/main.d" -MT"Core/Src/main.o" --specs=nano.specs -mfpu=fpv4-sp-d16 -mfloat-abi=hard -mthumb -o "Core/Src/main.o"
arm-none-eabi-gcc "../Core/Src/tim.c" -mcpu=cortex-m4 -std=gnu11 -g3 -DDEBUG -DUSE_HAL_DRIVER -DSTM32F407xx -c -I../Core/Inc -I../Drivers/STM32F4xx_HAL_Driver/Inc -I../Drivers/STM32F4xx_HAL_Driver/Inc/Legacy -I../Drivers/CMSIS/Device/ST/STM32F4xx/Include -I../Drivers/CMSIS/Include -O0 -ffunction-sections -fdata-sections -Wall -fstack-usage -fcyclomatic-complexity -MMD -MP -MF"Core/Src/tim.d" -MT"Core/Src/tim.o" --specs=nano.specs -mfpu=fpv4-sp-d16 -mfloat-abi=hard -mthumb -o "Core/Src/tim.o"
../Core/Src/main.c: In function 'main':
../Core/Src/main.c:115:19: warning: pointer targets in passing argument 3 of 'CLCD_Puts' differ in signedness [-Wpointer-sign]
  115 |   CLCD_Puts(0, 0, "hello world");
      |                   ^~~~~~~~~~~~~
      |                   |
      |                   char *
In file included from ../Core/Src/main.c:27:
../Core/Inc/CLCD.h:57:65: note: expected 'unsigned char *' but argument is of type 'char *'
   57 | void CLCD_Puts(unsigned char x, unsigned char y, unsigned char *str);
      |                                                  ~~~~~~~~~~~~~~~^~~
../Core/Src/main.c:135:12: warning: unused variable 'ccr' [-Wunused-variable]
  135 |   uint16_t ccr = 100;
      |            ^~~
../Core/Src/main.c:134:11: warning: unused variable 'str' [-Wunused-variable]
  134 |   uint8_t str[20];
      |           ^~~
../Core/Src/main.c:133:11: warning: unused variable 'a' [-Wunused-variable]
  133 |   uint8_t a = 0;
      |           ^
arm-none-eabi-gcc -o "6.PWM.elf" @"objects.list"   -mcpu=cortex-m4 -T"C:\STM32F4\6.PWM\6.PWM\STM32F407VETX_FLASH.ld" --specs=nosys.specs -Wl,-Map="6.PWM.map" -Wl,--gc-sections -static -u_printf_float --specs=nano.specs -mfpu=fpv4-sp-d16 -mfloat-abi=hard -mthumb -Wl,--start-group -lc -lm -Wl,--end-group
Finished building target: 6.PWM.elf
 
arm-none-eabi-size  6.PWM.elf 
arm-none-eabi-objdump -h -S 6.PWM.elf  > "6.PWM.list"
   text	   data	    bss	    dec	    hex	filename
  35300	    476	   2268	  38044	   949c	6.PWM.elf
Finished building: default.size.stdout
 
Finished building: 6.PWM.list
 
11:32:01 **** Incremental Build of configuration Debug for project 6.PWM ****
make -j8 all 
arm-none-eabi-gcc "../Core/Src/main.c" -mcpu=cortex-m4 -std=gnu11 -g3 -DDEBUG -DUSE_HAL_DRIVER -DSTM32F407xx -c -I../Core/Inc -I../Drivers/STM32F4xx_HAL_Driver/Inc -I../Drivers/STM32F4xx_HAL_Driver/Inc/Legacy -I../Drivers/CMSIS/Device/ST/STM32F4xx/Include -I../Drivers/CMSIS/Include -O0 -ffunction-sections -fdata-sections -Wall -fstack-usage -fcyclomatic-complexity -MMD -MP -MF"Core/Src/main.d" -MT"Core/Src/main.o" --specs=nano.specs -mfpu=fpv4-sp-d16 -mfloat-abi=hard -mthumb -o "Core/Src/main.o"
../Core/Src/main.c: In function 'main':
../Core/Src/main.c:115:19: warning: pointer targets in passing argument 3 of 'CLCD_Puts' differ in signedness [-Wpointer-sign]
  115 |   CLCD_Puts(0, 0, "hello world");
      |                   ^~~~~~~~~~~~~
      |                   |
      |                   char *
In file included from ../Core/Src/main.c:27:
../Core/Inc/CLCD.h:57:65: note: expected 'unsigned char *' but argument is of type 'char *'
   57 | void CLCD_Puts(unsigned char x, unsigned char y, unsigned char *str);
      |                                                  ~~~~~~~~~~~~~~~^~~
../Core/Src/main.c:136:12: warning: unused variable 'ccr' [-Wunused-variable]
  136 |   uint16_t ccr = 100;
      |            ^~~
../Core/Src/main.c:135:11: warning: unused variable 'str' [-Wunused-variable]
  135 |   uint8_t str[20];
      |           ^~~
../Core/Src/main.c:134:11: warning: unused variable 'a' [-Wunused-variable]
  134 |   uint8_t a = 0;
      |           ^
arm-none-eabi-gcc -o "6.PWM.elf" @"objects.list"   -mcpu=cortex-m4 -T"C:\STM32F4\6.PWM\6.PWM\STM32F407VETX_FLASH.ld" --specs=nosys.specs -Wl,-Map="6.PWM.map" -Wl,--gc-sections -static -u_printf_float --specs=nano.specs -mfpu=fpv4-sp-d16 -mfloat-abi=hard -mthumb -Wl,--start-group -lc -lm -Wl,--end-group
Finished building target: 6.PWM.elf
 
arm-none-eabi-size  6.PWM.elf 
arm-none-eabi-objdump -h -S 6.PWM.elf  > "6.PWM.list"
   text	   data	    bss	    dec	    hex	filename
  35308	    476	   2268	  38052	   94a4	6.PWM.elf
Finished building: default.size.stdout
 
Finished building: 6.PWM.list
 
11:32:48 **** Incremental Build of configuration Debug for project 6.PWM ****
make -j8 all 
arm-none-eabi-gcc "../Core/Src/main.c" -mcpu=cortex-m4 -std=gnu11 -g3 -DDEBUG -DUSE_HAL_DRIVER -DSTM32F407xx -c -I../Core/Inc -I../Drivers/STM32F4xx_HAL_Driver/Inc -I../Drivers/STM32F4xx_HAL_Driver/Inc/Legacy -I../Drivers/CMSIS/Device/ST/STM32F4xx/Include -I../Drivers/CMSIS/Include -O0 -ffunction-sections -fdata-sections -Wall -fstack-usage -fcyclomatic-complexity -MMD -MP -MF"Core/Src/main.d" -MT"Core/Src/main.o" --specs=nano.specs -mfpu=fpv4-sp-d16 -mfloat-abi=hard -mthumb -o "Core/Src/main.o"
../Core/Src/main.c: In function 'main':
../Core/Src/main.c:115:19: warning: pointer targets in passing argument 3 of 'CLCD_Puts' differ in signedness [-Wpointer-sign]
  115 |   CLCD_Puts(0, 0, "hello world");
      |                   ^~~~~~~~~~~~~
      |                   |
      |                   char *
In file included from ../Core/Src/main.c:27:
../Core/Inc/CLCD.h:57:65: note: expected 'unsigned char *' but argument is of type 'char *'
   57 | void CLCD_Puts(unsigned char x, unsigned char y, unsigned char *str);
      |                                                  ~~~~~~~~~~~~~~~^~~
../Core/Src/main.c:136:12: warning: unused variable 'ccr' [-Wunused-variable]
  136 |   uint16_t ccr = 100;
      |            ^~~
../Core/Src/main.c:135:11: warning: unused variable 'str' [-Wunused-variable]
  135 |   uint8_t str[20];
      |           ^~~
../Core/Src/main.c:134:11: warning: unused variable 'a' [-Wunused-variable]
  134 |   uint8_t a = 0;
      |           ^
arm-none-eabi-gcc -o "6.PWM.elf" @"objects.list"   -mcpu=cortex-m4 -T"C:\STM32F4\6.PWM\6.PWM\STM32F407VETX_FLASH.ld" --specs=nosys.specs -Wl,-Map="6.PWM.map" -Wl,--gc-sections -static -u_printf_float --specs=nano.specs -mfpu=fpv4-sp-d16 -mfloat-abi=hard -mthumb -Wl,--start-group -lc -lm -Wl,--end-group
Finished building target: 6.PWM.elf
 
arm-none-eabi-size  6.PWM.elf 
arm-none-eabi-objdump -h -S 6.PWM.elf  > "6.PWM.list"
   text	   data	    bss	    dec	    hex	filename
  35308	    476	   2268	  38052	   94a4	6.PWM.elf
Finished building: default.size.stdout
 
Finished building: 6.PWM.list
 
11:33:24 **** Incremental Build of configuration Debug for project 6.PWM ****
make -j8 all 
arm-none-eabi-gcc "../Core/Src/main.c" -mcpu=cortex-m4 -std=gnu11 -g3 -DDEBUG -DUSE_HAL_DRIVER -DSTM32F407xx -c -I../Core/Inc -I../Drivers/STM32F4xx_HAL_Driver/Inc -I../Drivers/STM32F4xx_HAL_Driver/Inc/Legacy -I../Drivers/CMSIS/Device/ST/STM32F4xx/Include -I../Drivers/CMSIS/Include -O0 -ffunction-sections -fdata-sections -Wall -fstack-usage -fcyclomatic-complexity -MMD -MP -MF"Core/Src/main.d" -MT"Core/Src/main.o" --specs=nano.specs -mfpu=fpv4-sp-d16 -mfloat-abi=hard -mthumb -o "Core/Src/main.o"
../Core/Src/main.c: In function 'main':
../Core/Src/main.c:136:12: warning: unused variable 'ccr' [-Wunused-variable]
  136 |   uint16_t ccr = 100;
      |            ^~~
../Core/Src/main.c:135:11: warning: unused variable 'str' [-Wunused-variable]
  135 |   uint8_t str[20];
      |           ^~~
../Core/Src/main.c:134:11: warning: unused variable 'a' [-Wunused-variable]
  134 |   uint8_t a = 0;
      |           ^
arm-none-eabi-gcc -o "6.PWM.elf" @"objects.list"   -mcpu=cortex-m4 -T"C:\STM32F4\6.PWM\6.PWM\STM32F407VETX_FLASH.ld" --specs=nosys.specs -Wl,-Map="6.PWM.map" -Wl,--gc-sections -static -u_printf_float --specs=nano.specs -mfpu=fpv4-sp-d16 -mfloat-abi=hard -mthumb -Wl,--start-group -lc -lm -Wl,--end-group
Finished building target: 6.PWM.elf
 
arm-none-eabi-size  6.PWM.elf 
arm-none-eabi-objdump -h -S 6.PWM.elf  > "6.PWM.list"
   text	   data	    bss	    dec	    hex	filename
  31268	    476	   2268	  34012	   84dc	6.PWM.elf
Finished building: default.size.stdout
 
Finished building: 6.PWM.list
 
11:34:33 **** Incremental Build of configuration Debug for project 6.PWM ****
make -j8 all 
arm-none-eabi-gcc "../Core/Src/main.c" -mcpu=cortex-m4 -std=gnu11 -g3 -DDEBUG -DUSE_HAL_DRIVER -DSTM32F407xx -c -I../Core/Inc -I../Drivers/STM32F4xx_HAL_Driver/Inc -I../Drivers/STM32F4xx_HAL_Driver/Inc/Legacy -I../Drivers/CMSIS/Device/ST/STM32F4xx/Include -I../Drivers/CMSIS/Include -O0 -ffunction-sections -fdata-sections -Wall -fstack-usage -fcyclomatic-complexity -MMD -MP -MF"Core/Src/main.d" -MT"Core/Src/main.o" --specs=nano.specs -mfpu=fpv4-sp-d16 -mfloat-abi=hard -mthumb -o "Core/Src/main.o"
../Core/Src/main.c: In function 'main':
../Core/Src/main.c:135:11: warning: unused variable 'str' [-Wunused-variable]
  135 |   uint8_t str[20];
      |           ^~~
../Core/Src/main.c:134:11: warning: unused variable 'a' [-Wunused-variable]
  134 |   uint8_t a = 0;
      |           ^
arm-none-eabi-gcc -o "6.PWM.elf" @"objects.list"   -mcpu=cortex-m4 -T"C:\STM32F4\6.PWM\6.PWM\STM32F407VETX_FLASH.ld" --specs=nosys.specs -Wl,-Map="6.PWM.map" -Wl,--gc-sections -static -u_printf_float --specs=nano.specs -mfpu=fpv4-sp-d16 -mfloat-abi=hard -mthumb -Wl,--start-group -lc -lm -Wl,--end-group
Finished building target: 6.PWM.elf
 
arm-none-eabi-size  6.PWM.elf 
arm-none-eabi-objdump -h -S 6.PWM.elf  > "6.PWM.list"
   text	   data	    bss	    dec	    hex	filename
  31284	    476	   2268	  34028	   84ec	6.PWM.elf
Finished building: default.size.stdout
 
Finished building: 6.PWM.list
 
11:35:28 **** Incremental Build of configuration Debug for project 6.PWM ****
make -j8 all 
arm-none-eabi-gcc "../Core/Src/main.c" -mcpu=cortex-m4 -std=gnu11 -g3 -DDEBUG -DUSE_HAL_DRIVER -DSTM32F407xx -c -I../Core/Inc -I../Drivers/STM32F4xx_HAL_Driver/Inc -I../Drivers/STM32F4xx_HAL_Driver/Inc/Legacy -I../Drivers/CMSIS/Device/ST/STM32F4xx/Include -I../Drivers/CMSIS/Include -O0 -ffunction-sections -fdata-sections -Wall -fstack-usage -fcyclomatic-complexity -MMD -MP -MF"Core/Src/main.d" -MT"Core/Src/main.o" --specs=nano.specs -mfpu=fpv4-sp-d16 -mfloat-abi=hard -mthumb -o "Core/Src/main.o"
../Core/Src/main.c: In function 'main':
../Core/Src/main.c:135:11: warning: unused variable 'str' [-Wunused-variable]
  135 |   uint8_t str[20];
      |           ^~~
../Core/Src/main.c:134:11: warning: unused variable 'a' [-Wunused-variable]
  134 |   uint8_t a = 0;
      |           ^
arm-none-eabi-gcc -o "6.PWM.elf" @"objects.list"   -mcpu=cortex-m4 -T"C:\STM32F4\6.PWM\6.PWM\STM32F407VETX_FLASH.ld" --specs=nosys.specs -Wl,-Map="6.PWM.map" -Wl,--gc-sections -static -u_printf_float --specs=nano.specs -mfpu=fpv4-sp-d16 -mfloat-abi=hard -mthumb -Wl,--start-group -lc -lm -Wl,--end-group
Finished building target: 6.PWM.elf
 
arm-none-eabi-size  6.PWM.elf 
arm-none-eabi-objdump -h -S 6.PWM.elf  > "6.PWM.list"
   text	   data	    bss	    dec	    hex	filename
  31284	    476	   2268	  34028	   84ec	6.PWM.elf
Finished building: default.size.stdout
 
Finished building: 6.PWM.list
 
11:35:59 **** Incremental Build of configuration Debug for project 6.PWM ****
make -j8 all 
arm-none-eabi-gcc "../Core/Src/main.c" -mcpu=cortex-m4 -std=gnu11 -g3 -DDEBUG -DUSE_HAL_DRIVER -DSTM32F407xx -c -I../Core/Inc -I../Drivers/STM32F4xx_HAL_Driver/Inc -I../Drivers/STM32F4xx_HAL_Driver/Inc/Legacy -I../Drivers/CMSIS/Device/ST/STM32F4xx/Include -I../Drivers/CMSIS/Include -O0 -ffunction-sections -fdata-sections -Wall -fstack-usage -fcyclomatic-complexity -MMD -MP -MF"Core/Src/main.d" -MT"Core/Src/main.o" --specs=nano.specs -mfpu=fpv4-sp-d16 -mfloat-abi=hard -mthumb -o "Core/Src/main.o"
../Core/Src/main.c: In function 'main':
../Core/Src/main.c:115:19: warning: pointer targets in passing argument 3 of 'CLCD_Puts' differ in signedness [-Wpointer-sign]
  115 |   CLCD_Puts(0, 0, "hello world");
      |                   ^~~~~~~~~~~~~
      |                   |
      |                   char *
In file included from ../Core/Src/main.c:27:
../Core/Inc/CLCD.h:57:65: note: expected 'unsigned char *' but argument is of type 'char *'
   57 | void CLCD_Puts(unsigned char x, unsigned char y, unsigned char *str);
      |                                                  ~~~~~~~~~~~~~~~^~~
../Core/Src/main.c:136:12: warning: unused variable 'ccr' [-Wunused-variable]
  136 |   uint16_t ccr = 100;
      |            ^~~
../Core/Src/main.c:135:11: warning: unused variable 'str' [-Wunused-variable]
  135 |   uint8_t str[20];
      |           ^~~
../Core/Src/main.c:134:11: warning: unused variable 'a' [-Wunused-variable]
  134 |   uint8_t a = 0;
      |           ^
arm-none-eabi-gcc -o "6.PWM.elf" @"objects.list"   -mcpu=cortex-m4 -T"C:\STM32F4\6.PWM\6.PWM\STM32F407VETX_FLASH.ld" --specs=nosys.specs -Wl,-Map="6.PWM.map" -Wl,--gc-sections -static -u_printf_float --specs=nano.specs -mfpu=fpv4-sp-d16 -mfloat-abi=hard -mthumb -Wl,--start-group -lc -lm -Wl,--end-group
Finished building target: 6.PWM.elf
 
arm-none-eabi-size  6.PWM.elf 
arm-none-eabi-objdump -h -S 6.PWM.elf  > "6.PWM.list"
   text	   data	    bss	    dec	    hex	filename
  35300	    476	   2268	  38044	   949c	6.PWM.elf
Finished building: default.size.stdout
 
Finished building: 6.PWM.list
 
11:37:13 **** Incremental Build of configuration Debug for project 6.PWM ****
make -j8 all 
arm-none-eabi-size  6.PWM.elf 
   text	   data	    bss	    dec	    hex	filename
  35300	    476	   2268	  38044	   949c	6.PWM.elf
Finished building: default.size.stdout
 
11:42:48 **** Incremental Build of configuration Debug for project 6.PWM ****
make -j8 all 
arm-none-eabi-gcc "../Core/Src/gpio.c" -mcpu=cortex-m4 -std=gnu11 -g3 -DDEBUG -DUSE_HAL_DRIVER -DSTM32F407xx -c -I../Core/Inc -I../Drivers/STM32F4xx_HAL_Driver/Inc -I../Drivers/STM32F4xx_HAL_Driver/Inc/Legacy -I../Drivers/CMSIS/Device/ST/STM32F4xx/Include -I../Drivers/CMSIS/Include -O0 -ffunction-sections -fdata-sections -Wall -fstack-usage -fcyclomatic-complexity -MMD -MP -MF"Core/Src/gpio.d" -MT"Core/Src/gpio.o" --specs=nano.specs -mfpu=fpv4-sp-d16 -mfloat-abi=hard -mthumb -o "Core/Src/gpio.o"
arm-none-eabi-gcc "../Core/Src/main.c" -mcpu=cortex-m4 -std=gnu11 -g3 -DDEBUG -DUSE_HAL_DRIVER -DSTM32F407xx -c -I../Core/Inc -I../Drivers/STM32F4xx_HAL_Driver/Inc -I../Drivers/STM32F4xx_HAL_Driver/Inc/Legacy -I../Drivers/CMSIS/Device/ST/STM32F4xx/Include -I../Drivers/CMSIS/Include -O0 -ffunction-sections -fdata-sections -Wall -fstack-usage -fcyclomatic-complexity -MMD -MP -MF"Core/Src/main.d" -MT"Core/Src/main.o" --specs=nano.specs -mfpu=fpv4-sp-d16 -mfloat-abi=hard -mthumb -o "Core/Src/main.o"
arm-none-eabi-gcc "../Core/Src/tim.c" -mcpu=cortex-m4 -std=gnu11 -g3 -DDEBUG -DUSE_HAL_DRIVER -DSTM32F407xx -c -I../Core/Inc -I../Drivers/STM32F4xx_HAL_Driver/Inc -I../Drivers/STM32F4xx_HAL_Driver/Inc/Legacy -I../Drivers/CMSIS/Device/ST/STM32F4xx/Include -I../Drivers/CMSIS/Include -O0 -ffunction-sections -fdata-sections -Wall -fstack-usage -fcyclomatic-complexity -MMD -MP -MF"Core/Src/tim.d" -MT"Core/Src/tim.o" --specs=nano.specs -mfpu=fpv4-sp-d16 -mfloat-abi=hard -mthumb -o "Core/Src/tim.o"
../Core/Src/main.c: In function 'main':
../Core/Src/main.c:116:19: warning: pointer targets in passing argument 3 of 'CLCD_Puts' differ in signedness [-Wpointer-sign]
  116 |   CLCD_Puts(0, 0, "hello world");
      |                   ^~~~~~~~~~~~~
      |                   |
      |                   char *
In file included from ../Core/Src/main.c:27:
../Core/Inc/CLCD.h:57:65: note: expected 'unsigned char *' but argument is of type 'char *'
   57 | void CLCD_Puts(unsigned char x, unsigned char y, unsigned char *str);
      |                                                  ~~~~~~~~~~~~~~~^~~
../Core/Src/main.c:138:12: warning: unused variable 'ccr' [-Wunused-variable]
  138 |   uint16_t ccr = 100;
      |            ^~~
../Core/Src/main.c:137:11: warning: unused variable 'str' [-Wunused-variable]
  137 |   uint8_t str[20];
      |           ^~~
../Core/Src/main.c:136:11: warning: unused variable 'a' [-Wunused-variable]
  136 |   uint8_t a = 0;
      |           ^
arm-none-eabi-gcc -o "6.PWM.elf" @"objects.list"   -mcpu=cortex-m4 -T"C:\STM32F4\6.PWM\6.PWM\STM32F407VETX_FLASH.ld" --specs=nosys.specs -Wl,-Map="6.PWM.map" -Wl,--gc-sections -static -u_printf_float --specs=nano.specs -mfpu=fpv4-sp-d16 -mfloat-abi=hard -mthumb -Wl,--start-group -lc -lm -Wl,--end-group
Finished building target: 6.PWM.elf
 
arm-none-eabi-size  6.PWM.elf 
arm-none-eabi-objdump -h -S 6.PWM.elf  > "6.PWM.list"
   text	   data	    bss	    dec	    hex	filename
  35692	    476	   2340	  38508	   966c	6.PWM.elf
Finished building: default.size.stdout
 
Finished building: 6.PWM.list
 
11:43:04 **** Incremental Build of configuration Debug for project 6.PWM ****
make -j8 all 
arm-none-eabi-gcc "../Core/Src/main.c" -mcpu=cortex-m4 -std=gnu11 -g3 -DDEBUG -DUSE_HAL_DRIVER -DSTM32F407xx -c -I../Core/Inc -I../Drivers/STM32F4xx_HAL_Driver/Inc -I../Drivers/STM32F4xx_HAL_Driver/Inc/Legacy -I../Drivers/CMSIS/Device/ST/STM32F4xx/Include -I../Drivers/CMSIS/Include -O0 -ffunction-sections -fdata-sections -Wall -fstack-usage -fcyclomatic-complexity -MMD -MP -MF"Core/Src/main.d" -MT"Core/Src/main.o" --specs=nano.specs -mfpu=fpv4-sp-d16 -mfloat-abi=hard -mthumb -o "Core/Src/main.o"
../Core/Src/main.c: In function 'main':
../Core/Src/main.c:116:19: warning: pointer targets in passing argument 3 of 'CLCD_Puts' differ in signedness [-Wpointer-sign]
  116 |   CLCD_Puts(0, 0, "hello world");
      |                   ^~~~~~~~~~~~~
      |                   |
      |                   char *
In file included from ../Core/Src/main.c:27:
../Core/Inc/CLCD.h:57:65: note: expected 'unsigned char *' but argument is of type 'char *'
   57 | void CLCD_Puts(unsigned char x, unsigned char y, unsigned char *str);
      |                                                  ~~~~~~~~~~~~~~~^~~
../Core/Src/main.c:138:12: warning: unused variable 'ccr' [-Wunused-variable]
  138 |   uint16_t ccr = 100;
      |            ^~~
../Core/Src/main.c:137:11: warning: unused variable 'str' [-Wunused-variable]
  137 |   uint8_t str[20];
      |           ^~~
../Core/Src/main.c:136:11: warning: unused variable 'a' [-Wunused-variable]
  136 |   uint8_t a = 0;
      |           ^
arm-none-eabi-gcc -o "6.PWM.elf" @"objects.list"   -mcpu=cortex-m4 -T"C:\STM32F4\6.PWM\6.PWM\STM32F407VETX_FLASH.ld" --specs=nosys.specs -Wl,-Map="6.PWM.map" -Wl,--gc-sections -static -u_printf_float --specs=nano.specs -mfpu=fpv4-sp-d16 -mfloat-abi=hard -mthumb -Wl,--start-group -lc -lm -Wl,--end-group
Finished building target: 6.PWM.elf
 
arm-none-eabi-size  6.PWM.elf 
arm-none-eabi-objdump -h -S 6.PWM.elf  > "6.PWM.list"
   text	   data	    bss	    dec	    hex	filename
  35684	    476	   2340	  38500	   9664	6.PWM.elf
Finished building: default.size.stdout
 
Finished building: 6.PWM.list
 
11:57:12 **** Incremental Build of configuration Debug for project 6.PWM ****
make -j8 all 
arm-none-eabi-gcc "../Core/Src/main.c" -mcpu=cortex-m4 -std=gnu11 -g3 -DDEBUG -DUSE_HAL_DRIVER -DSTM32F407xx -c -I../Core/Inc -I../Drivers/STM32F4xx_HAL_Driver/Inc -I../Drivers/STM32F4xx_HAL_Driver/Inc/Legacy -I../Drivers/CMSIS/Device/ST/STM32F4xx/Include -I../Drivers/CMSIS/Include -O0 -ffunction-sections -fdata-sections -Wall -fstack-usage -fcyclomatic-complexity -MMD -MP -MF"Core/Src/main.d" -MT"Core/Src/main.o" --specs=nano.specs -mfpu=fpv4-sp-d16 -mfloat-abi=hard -mthumb -o "Core/Src/main.o"
arm-none-eabi-gcc "../Core/Src/tim.c" -mcpu=cortex-m4 -std=gnu11 -g3 -DDEBUG -DUSE_HAL_DRIVER -DSTM32F407xx -c -I../Core/Inc -I../Drivers/STM32F4xx_HAL_Driver/Inc -I../Drivers/STM32F4xx_HAL_Driver/Inc/Legacy -I../Drivers/CMSIS/Device/ST/STM32F4xx/Include -I../Drivers/CMSIS/Include -O0 -ffunction-sections -fdata-sections -Wall -fstack-usage -fcyclomatic-complexity -MMD -MP -MF"Core/Src/tim.d" -MT"Core/Src/tim.o" --specs=nano.specs -mfpu=fpv4-sp-d16 -mfloat-abi=hard -mthumb -o "Core/Src/tim.o"
../Core/Src/main.c: In function 'main':
../Core/Src/main.c:117:19: warning: pointer targets in passing argument 3 of 'CLCD_Puts' differ in signedness [-Wpointer-sign]
  117 |   CLCD_Puts(0, 0, "hello world");
      |                   ^~~~~~~~~~~~~
      |                   |
      |                   char *
In file included from ../Core/Src/main.c:27:
../Core/Inc/CLCD.h:57:65: note: expected 'unsigned char *' but argument is of type 'char *'
   57 | void CLCD_Puts(unsigned char x, unsigned char y, unsigned char *str);
      |                                                  ~~~~~~~~~~~~~~~^~~
../Core/Src/main.c:138:3: error: 'TIM' undeclared (first use in this function); did you mean 'TIM1'?
  138 |   TIM ->CCR1 = 250;
      |   ^~~
      |   TIM1
../Core/Src/main.c:138:3: note: each undeclared identifier is reported only once for each function it appears in
../Core/Src/main.c:145:12: warning: unused variable 'ccr' [-Wunused-variable]
  145 |   uint16_t ccr = 100;
      |            ^~~
../Core/Src/main.c:144:11: warning: unused variable 'str' [-Wunused-variable]
  144 |   uint8_t str[20];
      |           ^~~
../Core/Src/main.c:143:11: warning: unused variable 'a' [-Wunused-variable]
  143 |   uint8_t a = 0;
      |           ^
make: *** [Core/Src/subdir.mk:49: Core/Src/main.o] Error 1
make: *** Waiting for unfinished jobs....
"make -j8 all" terminated with exit code 2. Build might be incomplete.
11:57:24 **** Incremental Build of configuration Debug for project 6.PWM ****
make -j8 all 
arm-none-eabi-gcc "../Core/Src/main.c" -mcpu=cortex-m4 -std=gnu11 -g3 -DDEBUG -DUSE_HAL_DRIVER -DSTM32F407xx -c -I../Core/Inc -I../Drivers/STM32F4xx_HAL_Driver/Inc -I../Drivers/STM32F4xx_HAL_Driver/Inc/Legacy -I../Drivers/CMSIS/Device/ST/STM32F4xx/Include -I../Drivers/CMSIS/Include -O0 -ffunction-sections -fdata-sections -Wall -fstack-usage -fcyclomatic-complexity -MMD -MP -MF"Core/Src/main.d" -MT"Core/Src/main.o" --specs=nano.specs -mfpu=fpv4-sp-d16 -mfloat-abi=hard -mthumb -o "Core/Src/main.o"
../Core/Src/main.c: In function 'main':
../Core/Src/main.c:117:19: warning: pointer targets in passing argument 3 of 'CLCD_Puts' differ in signedness [-Wpointer-sign]
  117 |   CLCD_Puts(0, 0, "hello world");
      |                   ^~~~~~~~~~~~~
      |                   |
      |                   char *
In file included from ../Core/Src/main.c:27:
../Core/Inc/CLCD.h:57:65: note: expected 'unsigned char *' but argument is of type 'char *'
   57 | void CLCD_Puts(unsigned char x, unsigned char y, unsigned char *str);
      |                                                  ~~~~~~~~~~~~~~~^~~
../Core/Src/main.c:145:12: warning: unused variable 'ccr' [-Wunused-variable]
  145 |   uint16_t ccr = 100;
      |            ^~~
../Core/Src/main.c:144:11: warning: unused variable 'str' [-Wunused-variable]
  144 |   uint8_t str[20];
      |           ^~~
../Core/Src/main.c:143:11: warning: unused variable 'a' [-Wunused-variable]
  143 |   uint8_t a = 0;
      |           ^
arm-none-eabi-gcc -o "6.PWM.elf" @"objects.list"   -mcpu=cortex-m4 -T"C:\STM32F4\6.PWM\6.PWM\STM32F407VETX_FLASH.ld" --specs=nosys.specs -Wl,-Map="6.PWM.map" -Wl,--gc-sections -static -u_printf_float --specs=nano.specs -mfpu=fpv4-sp-d16 -mfloat-abi=hard -mthumb -Wl,--start-group -lc -lm -Wl,--end-group
Finished building target: 6.PWM.elf
 
arm-none-eabi-size  6.PWM.elf 
arm-none-eabi-objdump -h -S 6.PWM.elf  > "6.PWM.list"
   text	   data	    bss	    dec	    hex	filename
  36124	    476	   2412	  39012	   9864	6.PWM.elf
Finished building: default.size.stdout
 
Finished building: 6.PWM.list
 
11:57:51 **** Incremental Build of configuration Debug for project 6.PWM ****
make -j8 all 
arm-none-eabi-gcc "../Core/Src/main.c" -mcpu=cortex-m4 -std=gnu11 -g3 -DDEBUG -DUSE_HAL_DRIVER -DSTM32F407xx -c -I../Core/Inc -I../Drivers/STM32F4xx_HAL_Driver/Inc -I../Drivers/STM32F4xx_HAL_Driver/Inc/Legacy -I../Drivers/CMSIS/Device/ST/STM32F4xx/Include -I../Drivers/CMSIS/Include -O0 -ffunction-sections -fdata-sections -Wall -fstack-usage -fcyclomatic-complexity -MMD -MP -MF"Core/Src/main.d" -MT"Core/Src/main.o" --specs=nano.specs -mfpu=fpv4-sp-d16 -mfloat-abi=hard -mthumb -o "Core/Src/main.o"
../Core/Src/main.c: In function 'main':
../Core/Src/main.c:117:19: warning: pointer targets in passing argument 3 of 'CLCD_Puts' differ in signedness [-Wpointer-sign]
  117 |   CLCD_Puts(0, 0, "hello world");
      |                   ^~~~~~~~~~~~~
      |                   |
      |                   char *
In file included from ../Core/Src/main.c:27:
../Core/Inc/CLCD.h:57:65: note: expected 'unsigned char *' but argument is of type 'char *'
   57 | void CLCD_Puts(unsigned char x, unsigned char y, unsigned char *str);
      |                                                  ~~~~~~~~~~~~~~~^~~
../Core/Src/main.c:145:12: warning: unused variable 'ccr' [-Wunused-variable]
  145 |   uint16_t ccr = 100;
      |            ^~~
../Core/Src/main.c:144:11: warning: unused variable 'str' [-Wunused-variable]
  144 |   uint8_t str[20];
      |           ^~~
../Core/Src/main.c:143:11: warning: unused variable 'a' [-Wunused-variable]
  143 |   uint8_t a = 0;
      |           ^
arm-none-eabi-gcc -o "6.PWM.elf" @"objects.list"   -mcpu=cortex-m4 -T"C:\STM32F4\6.PWM\6.PWM\STM32F407VETX_FLASH.ld" --specs=nosys.specs -Wl,-Map="6.PWM.map" -Wl,--gc-sections -static -u_printf_float --specs=nano.specs -mfpu=fpv4-sp-d16 -mfloat-abi=hard -mthumb -Wl,--start-group -lc -lm -Wl,--end-group
Finished building target: 6.PWM.elf
 
arm-none-eabi-size  6.PWM.elf 
arm-none-eabi-objdump -h -S 6.PWM.elf  > "6.PWM.list"
   text	   data	    bss	    dec	    hex	filename
  36100	    476	   2412	  38988	   984c	6.PWM.elf
Finished building: default.size.stdout
 
Finished building: 6.PWM.list
 
